../Core/Src/main.c:85:5:main	8	static
../Core/Src/main.c:155:6:SystemClock_Config	88	static
../Core/Src/main.c:202:13:MX_ADC1_Init	24	static
../Core/Src/main.c:282:13:MX_TIM1_Init	96	static
../Core/Src/main.c:365:13:MX_TIM3_Init	64	static
../Core/Src/main.c:424:13:MX_TIM4_Init	80	static
../Core/Src/main.c:489:13:MX_USART2_UART_Init	8	static
../Core/Src/main.c:520:13:MX_DMA_Init	16	static
../Core/Src/main.c:538:13:MX_GPIO_Init	48	static
../Core/Src/main.c:594:6:HAL_ADC_ConvCpltCallback	16	static
../Core/Src/main.c:641:6:Error_Handler	4	static,ignoring_inline_asm
