../Core/Src/main.c:80:5:main	8	static
../Core/Src/main.c:136:6:SystemClock_Config	88	static
../Core/Src/main.c:183:13:MX_ADC1_Init	24	static
../Core/Src/main.c:235:13:MX_TIM1_Init	112	static
../Core/Src/main.c:329:13:MX_TIM3_Init	64	static
../Core/Src/main.c:388:13:MX_USART2_UART_Init	8	static
../Core/Src/main.c:419:13:MX_DMA_Init	16	static
../Core/Src/main.c:437:13:MX_GPIO_Init	48	static
../Core/Src/main.c:493:6:HAL_ADC_ConvCpltCallback	32	static
../Core/Src/main.c:538:6:Error_Handler	4	static,ignoring_inline_asm
