15:57:04 **** Incremental Build of configuration Debug for project Labo5 ****
make -j8 all 
arm-none-eabi-gcc "../Core/Src/main.c" -mcpu=cortex-m4 -std=gnu11 -g3 -DDEBUG -DUSE_HAL_DRIVER -DSTM32F401xE -c -I../Core/Inc -I../Drivers/STM32F4xx_HAL_Driver/Inc -I../Drivers/STM32F4xx_HAL_Driver/Inc/Legacy -I../Drivers/CMSIS/Device/ST/STM32F4xx/Include -I../Drivers/CMSIS/Include -O0 -ffunction-sections -fdata-sections -Wall -fstack-usage -fcyclomatic-complexity -MMD -MP -MF"Core/Src/main.d" -MT"Core/Src/main.o" --specs=nano.specs -mfpu=fpv4-sp-d16 -mfloat-abi=hard -mthumb -o "Core/Src/main.o"
arm-none-eabi-gcc -o "Labo5.elf" @"objects.list"   -mcpu=cortex-m4 -T"C:\Users\augus\STM32CubeIDE\workspace_1.13.2\Labo5\STM32F401RETX_FLASH.ld" --specs=nosys.specs -Wl,-Map="Labo5.map" -Wl,--gc-sections -static --specs=nano.specs -mfpu=fpv4-sp-d16 -mfloat-abi=hard -mthumb -Wl,--start-group -lc -lm -Wl,--end-group
Finished building target: Labo5.elf
 
arm-none-eabi-size   Labo5.elf 
arm-none-eabi-objdump -h -S  Labo5.elf  > "Labo5.list"
   text	   data	    bss	    dec	    hex	filename
  27356	     52	   2100	  29508	   7344	Labo5.elf
Finished building: default.size.stdout
 
Finished building: Labo5.list
 

15:57:04 Build Finished. 0 errors, 0 warnings. (took 919ms)

